// Vitest Snapshot v1, https://vitest.dev/guide/snapshot.html

exports[`TodoList (global.stubs) > renders one stub per todo seeded into the store 1`] = `
[
  <div
    data-testid="todo-item-stub"
    todo-label="Buy groceries"
  />,
  <div
    data-testid="todo-item-stub"
    todo-label="Walk the dog"
  />,
  <div
    data-testid="todo-item-stub"
    todo-label="Write tests"
  />,
]
`;
